warning: method `put_replicated` is never used
   --> crates/oneiron/src/batch.rs:537:19
    |
339 | impl<'a> BatchBuilder<'a> {
    | ------------------------- method in this implementation
...
537 |     pub(crate) fn put_replicated(
    |                   ^^^^^^^^^^^^^^
    |
    = note: `#[warn(dead_code)]` (part of `#[warn(unused)]`) on by default

warning: associated function `open_with_storage_abi_version_for_test` is never used
    --> crates/oneiron/src/store.rs:1891:19
     |
1802 | impl Store {
     | ---------- associated function in this implementation
...
1891 |     pub(crate) fn open_with_storage_abi_version_for_test(
     |                   ^^^^^^^^^^^^^^^^^^^^^^^^^^^^^^^^^^^^^^

warning: `oneiron` (lib) generated 2 warnings
    Finished `test` profile [unoptimized + debuginfo] target(s) in 0.19s
     Running unittests src/lib.rs (/home/lexi/code/oneiron-build-slots/slot-0/target/debug/deps/oneiron-089f85117faf7b35)

running 1 test
test tests::embedding_migration_proves_atomic_space_replacement_contract ... ok

test result: ok. 1 passed; 0 failed; 0 ignored; 0 measured; 4519 filtered out; finished in 0.01s
